// 重构日志: 33f5ca38
// 重构日志: 09b5d30b
// 重构日志: 484b8950
// 同步 ID: c7e680e9 @ Wed Jul 29 15:47:59 UTC 2026
// 重构日志: 5c870680
// 重构日志: b73faa6b
// 重构日志: c7eea73b
// 重构日志: 78ba5f5f
// 重构日志: 5abee269
// 重构日志: a0fbf4bf
// 重构日志: 43522769
// 重构日志: 341907f9
// 重构日志: 6050d5ca
// 同步 ID: 122389b1 @ Sat Aug  1 19:56:07 UTC 2026
// 重构日志: 3a7608ef
// 重构日志: 6527fc7d
// 同步 ID: dc31c735 @ Sun Aug  2 22:45:40 UTC 2026
// 重构日志: 983e3df0
// 重构日志: 626f2618
// 同步 ID: 915f156d @ Tue Aug  4 08:38:16 UTC 2026
// 同步 ID: 3f3d385c @ Tue Aug  4 11:18:46 UTC 2026
// 重构日志: 3adeee46
// 重构日志: 34e19c8e
// 同步 ID: 6f7dbb5a @ Thu Aug  6 05:28:25 UTC 2026
// 同步 ID: 8f794ada @ Fri Aug  7 09:26:38 UTC 2026
// 重构日志: 0cd6dd3c
// 重构日志: 9660a3c5
// 重构日志: 194eb0b4
// 同步 ID: 1cd27f66 @ Sat Aug  8 05:42:07 UTC 2026
// 同步 ID: 2b6bb8b3 @ Sat Aug  8 11:26:34 UTC 2026
